[
  {
    "DomaineEtude": "Mathématiques",
    "NiveauEtude": "Licence 3"
  },
  {
    "DomaineEtude": "Sciences économiques et politiques",
    "NiveauEtude": "Master 2"
  }
]